exports[`Welcome (Snapshot) Welcome renders hello world 1`] = `
<div
  className="">
  Hello 
  world
</div>
`;
